// Jest Snapshot v1, https://goo.gl/fbAQLP

exports[`MacroComponent Can Render a Renderless Control 1`] = `"<button id=\\"Yolo56\\" data-sap-ui=\\"Yolo56\\" class=\\"sapMBtnBase sapMBtn\\"><span id=\\"Yolo56-inner\\" class=\\"sapMBtnInner sapMBtnHoverable sapMFocusable sapMBtnDefault\\"></span></button>"`;

exports[`MacroComponent Can Render a Renderless Control 2`] = `"<button id=\\"Yolo56\\" data-sap-ui=\\"Yolo56\\" class=\\"sapMBtnBase sapMBtn\\"><span id=\\"Yolo56-inner\\" class=\\"sapMBtnInner sapMBtnHoverable sapMFocusable sapMBtnText sapMBtnDefault\\"><span id=\\"Yolo56-content\\" class=\\"sapMBtnContent\\"><bdi id=\\"Yolo56-BDI-content\\">My Button</bdi></span></span></button>"`;

exports[`MacroComponent Can Render a Renderless Control 3`] = `"<button id=\\"Yolo56\\" data-sap-ui=\\"Yolo56\\" class=\\"sapMBtnBase sapMBtn\\"><span id=\\"Yolo56-inner\\" class=\\"sapMBtnInner sapMBtnHoverable sapMFocusable sapMBtnText sapMBtnDefault\\"><span id=\\"Yolo56-content\\" class=\\"sapMBtnContent\\"><bdi id=\\"Yolo56-BDI-content\\">My Other Button</bdi></span></span></button>"`;
